// Jest Snapshot v1, https://goo.gl/fbAQLP

exports[`Descendant <Routes> splat matching when the parent route path ends with /* works 1`] = `"<div><h1>Courses</h1><div><h1>Vue</h1><h1>Vue Fundamentals</h1></div></div>"`;
